[f32-measure] cuda_available = 1
[f32-measure] loaded vocab=256 d=1024 nlay=24 nh=16 block=512
[f32-measure] weights cast to f32 mirror (hoisted, once)

=== (1) CORRECTNESS — f32-e2e vs FP64 batched (argmax-faithful) ===
[FP32-E2E-FIRED] farr_matmul_f32_gpu own mma.sync m16n8k8, no d2f/f2d cast (S1 #21 gold, opt-in)
[FP32-E2E-CUBLAS-FIRED] cublasGemmEx COMPUTE_32F_FAST_TF32 on f32 decode matmul (B-probe GEMM ceiling)
[ATTN-FLASH-F32-FIRED] fused warp-per-head online-softmax f32 flash-decode (S2 wall#2, no roundtrip/OOM)
[ATTN-FLASH-F32EXP-FIRED] fp32 __expf online softmax (RANK-1 gold-v2, opt-in HEXA_ATTN_F32EXP)
[ATTN-FLASH-F32EXP-U4-FIRED] 4-row j-unroll, bit-identical to fexp (RANK-3, opt-in HEXA_ATTN_U4)
[GELU-F32ERF-FIRED] fp32 erff GELU (RANK-4 gold-v2, opt-in HEXA_GELU_F32ERF)
[OWN-GEMM-FIRED] _hx_k_gemm DEVICE path (no cuBLAS)
[EAGER-DEVGLUE-FIRED] _hx_k_gelu device CUDA-erf GELU (separate launch, P1B-a' device-resident eager ref)
[f32-correctness N=2] f32-vs-FP64 per-frag argmax = 23/24   worst max|Δ| = 0.03362304407302297   => FAIL@701
[f32-correctness N=4] f32-vs-FP64 per-frag argmax = 46/48   worst max|Δ| = 0.033623044073024744   => FAIL@3

=== (2) THROUGHPUT — median of 3, FP64 single-stream baseline ===
[f32 baseline FP64 single-stream] samples(ms/step)=17.25,17.25,17.208333333333332  median ms/tok=17.25
[f32-throughput N=1] median ms/step=3.4166666666666665  per-frag ms/tok=3.4166666666666665  speedup-vs-FP64single(17.25)=5.048780487804878x
[f32-throughput N=4] median ms/step=4.166666666666667  per-frag ms/tok=1.0416666666666667  speedup-vs-FP64single(17.25)=16.56x
[f32-throughput N=8] median ms/step=4.875  per-frag ms/tok=0.609375  speedup-vs-FP64single(17.25)=28.30769230769231x
[f32-throughput N=16] median ms/step=6.25  per-frag ms/tok=0.390625  speedup-vs-FP64single(17.25)=44.16x
[f32-throughput N=32] median ms/step=9.166666666666666  per-frag ms/tok=0.2864583333333333  speedup-vs-FP64single(17.25)=60.21818181818182x

decode_f32_measure: DONE
