[f32-measure] cuda_available = 1
[f32-measure] loaded vocab=256 d=1024 nlay=24 nh=16 block=512
[f32-measure] weights cast to f32 mirror (hoisted, once)

=== (1) CORRECTNESS — f32-e2e vs FP64 batched (argmax-faithful) ===
[FP32-E2E-FIRED] farr_matmul_f32_gpu own mma.sync m16n8k8, no d2f/f2d cast (S1 #21 gold, opt-in)
[ATTN-FLASH-F32-FIRED] fused warp-per-head online-softmax f32 flash-decode (S2 wall#2, no roundtrip/OOM)
[ATTN-FLASH-F32EXP-FIRED] fp32 __expf online softmax (RANK-1 gold-v2, opt-in HEXA_ATTN_F32EXP)
[ATTN-FLASH-F32EXP-U4-FIRED] 4-row j-unroll, bit-identical to fexp (RANK-3, opt-in HEXA_ATTN_U4)
[OWN-GEMM-FIRED] _hx_k_gemm DEVICE path (no cuBLAS)
[EAGER-DEVGLUE-FIRED] _hx_k_gelu device CUDA-erf GELU (separate launch, P1B-a' device-resident eager ref)
[f32-correctness N=2] f32-vs-FP64 per-frag argmax = 23/24   worst max|Δ| = 0.031918828069606775   => FAIL@701
[f32-correctness N=4] f32-vs-FP64 per-frag argmax = 46/48   worst max|Δ| = 0.031918828069612104   => FAIL@3

=== (2) THROUGHPUT — median of 3, FP64 single-stream baseline ===
[f32 baseline FP64 single-stream] samples(ms/step)=17.29166666666667,17.25,17.29166666666667  median ms/tok=17.29166666666667
[f32-throughput N=1] median ms/step=8.041666666666666  per-frag ms/tok=8.041666666666666  speedup-vs-FP64single(17.29166666666667)=2.150259067357513x
[f32-throughput N=4] median ms/step=8.583333333333334  per-frag ms/tok=2.1458333333333335  speedup-vs-FP64single(17.29166666666667)=8.058252427184467x
[f32-throughput N=8] median ms/step=9.125  per-frag ms/tok=1.140625  speedup-vs-FP64single(17.29166666666667)=15.159817351598175x
[f32-throughput N=16] median ms/step=10.541666666666667  per-frag ms/tok=0.6588541666666666  speedup-vs-FP64single(17.29166666666667)=26.245059288537558x
[f32-throughput N=32] median ms/step=13.291666666666666  per-frag ms/tok=0.4153645833333333  speedup-vs-FP64single(17.29166666666667)=41.63009404388716x

decode_f32_measure: DONE
