================ D=1536 T=512 ================
trainer rc=124
clm_prod — CLMConvMoE production corpus loop (PR1)
  corpus: /root/work/corpus.txt  (402270 bytes, V=256)
  windows: 64/64  (T=512 stride=6277)
--- util summary D=1536 ---
n=2080 MEAN=10.57 PEAK=62 MEDIAN=1.0 pct>=20=20%
  hist:  hist: 0:839 1:319 2:288 3:2 4:9 5:6 6:8 7:16 9:25 10:12 11:28 12:26 13:14 14:8 15:17 16:12 17:10 18:9 19:8 20:9 21:4 22:9 23:5 24:12 25:5 26:10 27:4 28:10 29:6 30:7 31:7 32:6 33:11 34:14 35:5 36:6 37:8 38:10 39:7 40:6 41:10 42:11 43:17 44:10 45:6 46:8 47:19 48:4 49:5 50:28 51:14 52:5 53:3 54:2 55:5 56:15 57:20 58:15 59:3 60:8 61:32 62:23 
================ D=2560 T=512 ================
trainer rc=124
clm_prod — CLMConvMoE production corpus loop (PR1)
  corpus: /root/work/corpus.txt  (402270 bytes, V=256)
  windows: 64/64  (T=512 stride=6277)
--- util summary D=2560 ---
n=2079 MEAN=8.11 PEAK=100 MEDIAN=0.0 pct>=20=13%
  hist:  hist: 0:1317 1:31 2:206 3:56 4:65 5:30 6:3 7:14 8:26 9:16 10:5 11:11 12:1 13:6 14:7 15:4 16:6 17:7 18:2 19:2 20:4 21:6 22:8 23:3 24:9 25:12 26:4 27:4 28:6 30:7 31:1 32:5 33:6 34:1 35:2 37:1 38:4 40:7 41:4 42:2 43:4 44:8 46:1 47:1 48:2 49:4 50:6 51:2 53:3 54:8 55:2 56:2 57:9 61:2 62:5 64:2 65:3 66:9 67:5 68:1 69:1 70:5 71:2 73:3 75:2 76:4 77:5 78:5 79:6 80:3 81:2 82:2 83:5 84:1 85:3 86:5 87:5 88:1 89:2 90:3 91:1 92:5 93:2 95:3 96:1 97:4 98:2 100:6 
================ D=3072 T=512 ================
trainer rc=124
clm_prod — CLMConvMoE production corpus loop (PR1)
  corpus: /root/work/corpus.txt  (402270 bytes, V=256)
  windows: 64/64  (T=512 stride=6277)
--- util summary D=3072 ---
n=2096 MEAN=7.73 PEAK=100 MEDIAN=0.0 pct>=20=11%
  hist:  hist: 0:1456 1:35 2:49 3:112 4:18 5:24 6:83 7:23 8:17 9:17 10:18 12:11 13:2 14:1 15:2 16:2 17:2 18:2 20:3 21:4 22:2 23:1 25:3 26:2 27:4 28:6 29:1 30:2 31:1 32:5 33:5 34:2 35:9 36:6 39:1 40:2 43:3 44:5 45:4 46:2 47:1 48:2 49:1 50:8 52:6 53:5 54:2 56:6 58:3 59:2 61:2 65:5 67:7 68:1 69:2 71:4 72:2 74:2 75:2 77:7 78:2 80:3 81:1 82:2 83:5 84:1 85:2 86:2 87:1 89:2 90:5 91:3 92:3 94:2 95:2 98:4 99:2 100:37 
================ D=4096 T=512 ================
trainer rc=124
clm_prod — CLMConvMoE production corpus loop (PR1)
  corpus: /root/work/corpus.txt  (402270 bytes, V=256)
  windows: 64/64  (T=512 stride=6277)
--- util summary D=4096 ---
n=2080 MEAN=6.64 PEAK=100 MEDIAN=0.0 pct>=20=8%
  hist:  hist: 0:1518 1:60 2:13 3:18 4:30 5:72 6:21 7:49 8:16 9:20 10:49 11:21 12:8 14:2 15:3 16:4 17:4 18:6 19:5 21:2 22:2 24:2 25:3 27:2 30:2 32:4 33:3 34:2 35:3 36:1 37:2 38:6 39:2 40:1 41:1 42:4 44:1 47:3 48:1 50:2 51:2 52:1 53:2 55:2 56:2 59:3 60:3 63:1 64:4 65:1 66:3 68:4 69:3 72:2 73:3 77:1 79:4 80:7 84:1 85:1 86:1 87:1 88:2 91:2 94:3 95:2 96:1 97:2 98:3 100:45 
ALLDONE
