=== OP-23b env ===
NVIDIA GeForce RTX 5070, 580.159.04, 12227 MiB
Build cuda_13.0.r13.0/compiler.36424714_0
=== build flame_traj_op23b ===
=== build flame_traj_op23b_ped ===
[idle-guard] GPU busy (util=100% mem=408MiB) — waiting 1/60...
=== run flame_traj_op23b  D=1024 T=256 B=1 N=500 warmup=50 ===
[CFG] OP-23b TF32-DEFAULT  GPU=NVIDIA GeForce RTX 5070 cc=12.0  D=1024 T=256 B=1 -> M=256 K=1024 N=1024 Nsteps=500 warmup=50
[CFG] LR SCHEDULE: linear warmup 50 steps (0->0.001) then cosine decay to 0.05*base over remaining 450
[CFG] lr samples: t=1:2.000000e-05  t=50(peak):1.000000e-03  t=125:9.363621e-04  t=250:6.074829e-04  t=500:5.000000e-05
[TRAJ] step      lr            lossTF32        lossFP64        |dLoss|/|lossFP64|   relRMS(W_TF32 vs W_FP64)   maxAbs(W_TF32-W_FP64)
[TRAJ]     1   2.000000e-05   5.80343000e-02   5.80376541e-02   5.779176e-05        3.370747e-05             3.980592e-05
[TRAJ]    11   2.200000e-04   3.89989904e-01   3.89990617e-01   1.829018e-06        2.168416e-03             2.627152e-03
[TRAJ]    21   4.200000e-04   4.06255152e-01   4.06256269e-01   2.750398e-06        6.077535e-03             9.194890e-03
[TRAJ]    31   6.200000e-04   4.07197187e-01   4.07198414e-01   3.012192e-06        8.407435e-03             1.974263e-02
[TRAJ]    41   8.200000e-04   4.07344247e-01   4.07345486e-01   3.041837e-06        9.224020e-03             3.426975e-02
[TRAJ]    50   1.000000e-03   4.07376951e-01   4.07378157e-01   2.961158e-06        9.489095e-03             5.074582e-02
[TRAJ]    51   9.999884e-04   4.07378742e-01   4.07379946e-01   2.955555e-06        9.506323e-03             5.273557e-02
[TRAJ]    61   9.986001e-04   4.07387766e-01   4.07389064e-01   3.185432e-06        9.610182e-03             7.262056e-02
[TRAJ]    71   9.949044e-04   4.07390418e-01   4.07391705e-01   3.157458e-06        9.655665e-03             9.245068e-02
[TRAJ]    81   9.889193e-04   4.07391133e-01   4.07392466e-01   3.272974e-06        9.679456e-03             1.121802e-01
[TRAJ]    91   9.806741e-04   4.07391334e-01   4.07392573e-01   3.041107e-06        9.693413e-03             1.317640e-01
[TRAJ]   101   9.702089e-04   4.07391138e-01   4.07392433e-01   3.179278e-06        9.702284e-03             1.511575e-01
[TRAJ]   111   9.575747e-04   4.07390908e-01   4.07392203e-01   3.178846e-06        9.708264e-03             1.703172e-01
[TRAJ]   121   9.428331e-04   4.07390656e-01   4.07391947e-01   3.170768e-06        9.712483e-03             1.892006e-01
[TRAJ]   131   9.260558e-04   4.07390427e-01   4.07391694e-01   3.109233e-06        9.715568e-03             2.077668e-01
[TRAJ]   141   9.073246e-04   4.07390161e-01   4.07391454e-01   3.174220e-06        9.717889e-03             2.259762e-01
[TRAJ]   151   8.867307e-04   4.07389931e-01   4.07391233e-01   3.196963e-06        9.719679e-03             2.437911e-01
[TRAJ]   161   8.643745e-04   4.07389763e-01   4.07391031e-01   3.112709e-06        9.721086e-03             2.611755e-01
[TRAJ]   171   8.403650e-04   4.07389553e-01   4.07390848e-01   3.178546e-06        9.722212e-03             2.780959e-01
[TRAJ]   181   8.148190e-04   4.07389402e-01   4.07390682e-01   3.140128e-06        9.723126e-03             2.945207e-01
[TRAJ]   191   7.878610e-04   4.07389234e-01   4.07390532e-01   3.185511e-06        9.723877e-03             3.104209e-01
[TRAJ]   201   7.596224e-04   4.07389115e-01   4.07390396e-01   3.145939e-06        9.724501e-03             3.257699e-01
[TRAJ]   211   7.302407e-04   4.07388975e-01   4.07390274e-01   3.187917e-06        9.725024e-03             3.405439e-01
[TRAJ]   221   6.998592e-04   4.07388865e-01   4.07390163e-01   3.185929e-06        9.725466e-03             3.547219e-01
[TRAJ]   231   6.686257e-04   4.07388768e-01   4.07390063e-01   3.179174e-06        9.725842e-03             3.682858e-01
[TRAJ]   241   6.366925e-04   4.07388704e-01   4.07389973e-01   3.114155e-06        9.726165e-03             3.812204e-01
[TRAJ]   251   6.042152e-04   4.07388608e-01   4.07389891e-01   3.148983e-06        9.726442e-03             3.935136e-01
[TRAJ]   261   5.713519e-04   4.07388555e-01   4.07389818e-01   3.099030e-06        9.726682e-03             4.051565e-01
[TRAJ]   271   5.382628e-04   4.07388487e-01   4.07389751e-01   3.103294e-06        9.726891e-03             4.161434e-01
[TRAJ]   281   5.051091e-04   4.07388419e-01   4.07389691e-01   3.122393e-06        9.727073e-03             4.264715e-01
[TRAJ]   291   4.720523e-04   4.07388369e-01   4.07389636e-01   3.110151e-06        9.727231e-03             4.361414e-01
[TRAJ]   301   4.392534e-04   4.07388305e-01   4.07389587e-01   3.146112e-06        9.727370e-03             4.451570e-01
[TRAJ]   311   4.068723e-04   4.07388259e-01   4.07389543e-01   3.151600e-06        9.727492e-03             4.535252e-01
[TRAJ]   321   3.750667e-04   4.07388226e-01   4.07389504e-01   3.135851e-06        9.727598e-03             4.612561e-01
[TRAJ]   331   3.439916e-04   4.07388214e-01   4.07389468e-01   3.078086e-06        9.727692e-03             4.683628e-01
[TRAJ]   341   3.137983e-04   4.07388182e-01   4.07389436e-01   3.078923e-06        9.727773e-03             4.748617e-01
[TRAJ]   351   2.846340e-04   4.07388154e-01   4.07389408e-01   3.078385e-06        9.727845e-03             4.807719e-01
[TRAJ]   361   2.566407e-04   4.07388135e-01   4.07389383e-01   3.063547e-06        9.727907e-03             4.861154e-01
[TRAJ]   371   2.299548e-04   4.07388115e-01   4.07389361e-01   3.058271e-06        9.727962e-03             4.909171e-01
[TRAJ]   381   2.047064e-04   4.07388060e-01   4.07389342e-01   3.145860e-06        9.728009e-03             4.952043e-01
[TRAJ]   391   1.810184e-04   4.07388073e-01   4.07389325e-01   3.072919e-06        9.728050e-03             4.990071e-01
[TRAJ]   401   1.590062e-04   4.07388039e-01   4.07389310e-01   3.120277e-06        9.728085e-03             5.023576e-01
[TRAJ]   411   1.387771e-04   4.07388029e-01   4.07389297e-01   3.112929e-06        9.728115e-03             5.052904e-01
[TRAJ]   421   1.204297e-04   4.07388038e-01   4.07389286e-01   3.062807e-06        9.728141e-03             5.078419e-01
[TRAJ]   431   1.040533e-04   4.07388038e-01   4.07389276e-01   3.040153e-06        9.728163e-03             5.100505e-01
[TRAJ]   441   8.972770e-05   4.07388027e-01   4.07389268e-01   3.047634e-06        9.728182e-03             5.119563e-01
[TRAJ]   451   7.752271e-05   4.07387969e-01   4.07389261e-01   3.170965e-06        9.728198e-03             5.136008e-01
[TRAJ]   461   6.749778e-05   4.07387996e-01   4.07389255e-01   3.090904e-06        9.728212e-03             5.150266e-01
[TRAJ]   471   5.970176e-05   4.07388005e-01   4.07389250e-01   3.055434e-06        9.728224e-03             5.162778e-01
[TRAJ]   481   5.417262e-05   4.07387972e-01   4.07389245e-01   3.126219e-06        9.728235e-03             5.173988e-01
[TRAJ]   491   5.093730e-05   4.07387984e-01   4.07389241e-01   3.084603e-06        9.728245e-03             5.184351e-01
[TRAJ]   500   5.000000e-05   4.07387946e-01   4.07389237e-01   3.170311e-06        9.728253e-03             5.193331e-01

[SUMMARY] OP-23b TF32-DEFAULT D=1024 T=256 B=1 Nsteps=500 warmup=50
[SUMMARY] TF32 self-byte-eq over WHOLE 500-step trajectory (run1 vs run2): W max|delta|=0.000e+00  loss max|delta|=0.000e+00  (==0: YES)
[SUMMARY] step-N weight relRMS(TF32 vs FP64) = 9.728253e-03   max|dW| = 5.193331e-01
[SUMMARY] step-N loss-tracking  |dLoss|/|lossFP64| = 3.170311e-06
[SUMMARY] WORST loss-tracking gap over trajectory = 1.864257e-04 at step 3  (EARLY half — bounded, no late blow-up)
[SUMMARY] LATE-half (steps>250) worst loss-track = 3.240125e-06 at step 476
[SUMMARY] WARMUP-PEAK window [45..55] worst loss-track = 3.284125e-06 at step 52 (LR-schedule amplify test)
[RESULT] OP-23b TF32-DEFAULT D=1024 B=1 Nsteps=500 warmup=50  selfByteEqN=Y  relRMS_W_N=9.728e-03  lossTrackN=3.170e-06  worstLossTrack=1.864e-04@3  lateWorst=3.240e-06@476  peakWorst=3.284e-06@52
[idle-guard] GPU busy (util=66% mem=358MiB) — waiting 1/60...
[idle-guard] GPU busy (util=61% mem=358MiB) — waiting 2/60...
=== run flame_traj_op23b  D=1024 T=256 B=8 N=500 warmup=50 ===
[CFG] OP-23b TF32-DEFAULT  GPU=NVIDIA GeForce RTX 5070 cc=12.0  D=1024 T=256 B=8 -> M=2048 K=1024 N=1024 Nsteps=500 warmup=50
[CFG] LR SCHEDULE: linear warmup 50 steps (0->0.001) then cosine decay to 0.05*base over remaining 450
[CFG] lr samples: t=1:2.000000e-05  t=50(peak):1.000000e-03  t=125:9.363621e-04  t=250:6.074829e-04  t=500:5.000000e-05
[TRAJ] step      lr            lossTF32        lossFP64        |dLoss|/|lossFP64|   relRMS(W_TF32 vs W_FP64)   maxAbs(W_TF32-W_FP64)
[TRAJ]     1   2.000000e-05   5.80341079e-02   5.80376541e-02   6.110140e-05        1.634611e-07             9.249432e-07
[TRAJ]    11   2.200000e-04   3.90252250e-01   3.90252080e-01   4.373009e-07        1.014369e-05             6.102767e-05
[TRAJ]    21   4.200000e-04   4.06367986e-01   4.06367920e-01   1.627820e-07        2.842449e-05             2.135927e-04
[TRAJ]    31   6.200000e-04   4.07288180e-01   4.07288214e-01   8.297537e-08        3.932122e-05             4.586120e-04
[TRAJ]    41   8.200000e-04   4.07428163e-01   4.07428201e-01   9.533468e-08        4.314093e-05             7.960716e-04
[TRAJ]    50   1.000000e-03   4.07457936e-01   4.07457923e-01   3.316738e-08        4.438127e-05             1.178802e-03
[TRAJ]    51   9.999884e-04   4.07459489e-01   4.07459481e-01   1.919987e-08        4.446200e-05             1.225023e-03
[TRAJ]    61   9.986001e-04   4.07466934e-01   4.07467016e-01   2.001087e-07        4.494849e-05             1.686948e-03
[TRAJ]    71   9.949044e-04   4.07468742e-01   4.07468781e-01   9.599677e-08        4.516151e-05             2.147585e-03
[TRAJ]    81   9.889193e-04   4.07468879e-01   4.07468987e-01   2.653389e-07        4.527315e-05             2.605894e-03
[TRAJ]    91   9.806741e-04   4.07468658e-01   4.07468711e-01   1.320151e-07        4.533862e-05             3.060813e-03
[TRAJ]   101   9.702089e-04   4.07468213e-01   4.07468292e-01   1.949683e-07        4.538017e-05             3.511296e-03
[TRAJ]   111   9.575747e-04   4.07467793e-01   4.07467850e-01   1.400062e-07        4.540839e-05             3.956371e-03
[TRAJ]   121   9.428331e-04   4.07467375e-01   4.07467428e-01   1.311922e-07        4.542834e-05             4.395024e-03
[TRAJ]   131   9.260558e-04   4.07467002e-01   4.07467042e-01   9.812822e-08        4.544302e-05             4.826302e-03
[TRAJ]   141   9.073246e-04   4.07466606e-01   4.07466693e-01   2.116313e-07        4.545406e-05             5.249283e-03
[TRAJ]   151   8.867307e-04   4.07466296e-01   4.07466380e-01   2.068768e-07        4.546285e-05             5.663109e-03
[TRAJ]   161   8.643745e-04   4.07466041e-01   4.07466102e-01   1.494229e-07        4.547007e-05             6.066943e-03
[TRAJ]   171   8.403650e-04   4.07465769e-01   4.07465853e-01   2.071225e-07        4.547605e-05             6.459989e-03
[TRAJ]   181   8.148190e-04   4.07465569e-01   4.07465631e-01   1.533594e-07        4.548055e-05             6.841499e-03
[TRAJ]   191   7.878610e-04   4.07465372e-01   4.07465432e-01   1.485097e-07        4.548448e-05             7.210824e-03
[TRAJ]   201   7.596224e-04   4.07465200e-01   4.07465255e-01   1.330952e-07        4.548815e-05             7.567387e-03
[TRAJ]   211   7.302407e-04   4.07465029e-01   4.07465095e-01   1.631157e-07        4.549107e-05             7.910563e-03
[TRAJ]   221   6.998592e-04   4.07464892e-01   4.07464952e-01   1.478908e-07        4.549376e-05             8.239926e-03
[TRAJ]   231   6.686257e-04   4.07464773e-01   4.07464823e-01   1.236381e-07        4.549601e-05             8.555000e-03
[TRAJ]   241   6.366925e-04   4.07464666e-01   4.07464707e-01   1.012240e-07        4.549805e-05             8.855478e-03
[TRAJ]   251   6.042152e-04   4.07464557e-01   4.07464602e-01   1.115014e-07        4.549984e-05             9.141046e-03
[TRAJ]   261   5.713519e-04   4.07464466e-01   4.07464508e-01   1.044374e-07        4.550139e-05             9.411510e-03
[TRAJ]   271   5.382628e-04   4.07464384e-01   4.07464423e-01   9.599929e-08        4.550285e-05             9.666742e-03
[TRAJ]   281   5.051091e-04   4.07464313e-01   4.07464347e-01   8.276649e-08        4.550399e-05             9.906652e-03
[TRAJ]   291   4.720523e-04   4.07464221e-01   4.07464278e-01   1.401238e-07        4.550510e-05             1.013129e-02
[TRAJ]   301   4.392534e-04   4.07464170e-01   4.07464216e-01   1.124671e-07        4.550599e-05             1.034069e-02
[TRAJ]   311   4.068723e-04   4.07464104e-01   4.07464161e-01   1.389326e-07        4.550696e-05             1.053509e-02
[TRAJ]   321   3.750667e-04   4.07464062e-01   4.07464111e-01   1.190499e-07        4.550787e-05             1.071468e-02
[TRAJ]   331   3.439916e-04   4.07464027e-01   4.07464066e-01   9.681775e-08        4.550854e-05             1.087976e-02
[TRAJ]   341   3.137983e-04   4.07463975e-01   4.07464026e-01   1.252635e-07        4.550913e-05             1.103069e-02
[TRAJ]   351   2.846340e-04   4.07463958e-01   4.07463991e-01   8.173363e-08        4.550956e-05             1.116797e-02
[TRAJ]   361   2.566407e-04   4.07463926e-01   4.07463960e-01   8.329738e-08        4.551005e-05             1.129210e-02
[TRAJ]   371   2.299548e-04   4.07463881e-01   4.07463932e-01   1.255412e-07        4.551083e-05             1.140363e-02
[TRAJ]   381   2.047064e-04   4.07463835e-01   4.07463908e-01   1.770947e-07        4.551161e-05             1.150324e-02
[TRAJ]   391   1.810184e-04   4.07463838e-01   4.07463886e-01   1.174231e-07        4.551203e-05             1.159155e-02
[TRAJ]   401   1.590062e-04   4.07463817e-01   4.07463868e-01   1.244327e-07        4.551203e-05             1.166936e-02
[TRAJ]   411   1.387771e-04   4.07463796e-01   4.07463852e-01   1.369150e-07        4.551338e-05             1.173745e-02
[TRAJ]   421   1.204297e-04   4.07463801e-01   4.07463838e-01   9.036090e-08        4.551432e-05             1.179672e-02
[TRAJ]   431   1.040533e-04   4.07463805e-01   4.07463826e-01   5.170994e-08        4.551501e-05             1.184801e-02
[TRAJ]   441   8.972770e-05   4.07463783e-01   4.07463816e-01   8.019441e-08        4.551589e-05             1.189224e-02
[TRAJ]   451   7.752271e-05   4.07463737e-01   4.07463807e-01   1.716215e-07        4.551585e-05             1.193040e-02
[TRAJ]   461   6.749778e-05   4.07463754e-01   4.07463799e-01   1.107903e-07        4.551722e-05             1.196347e-02
[TRAJ]   471   5.970176e-05   4.07463776e-01   4.07463793e-01   4.107333e-08        4.551725e-05             1.199255e-02
[TRAJ]   481   5.417262e-05   4.07463743e-01   4.07463787e-01   1.073913e-07        4.551667e-05             1.201865e-02
[TRAJ]   491   5.093730e-05   4.07463745e-01   4.07463782e-01   9.012357e-08        4.551716e-05             1.204272e-02
[TRAJ]   500   5.000000e-05   4.07463730e-01   4.07463777e-01   1.145233e-07        4.551840e-05             1.206357e-02

[SUMMARY] OP-23b TF32-DEFAULT D=1024 T=256 B=8 Nsteps=500 warmup=50
[SUMMARY] TF32 self-byte-eq over WHOLE 500-step trajectory (run1 vs run2): W max|delta|=0.000e+00  loss max|delta|=0.000e+00  (==0: YES)
[SUMMARY] step-N weight relRMS(TF32 vs FP64) = 4.551840e-05   max|dW| = 1.206357e-02
[SUMMARY] step-N loss-tracking  |dLoss|/|lossFP64| = 1.145233e-07
[SUMMARY] WORST loss-tracking gap over trajectory = 1.903780e-04 at step 3  (EARLY half — bounded, no late blow-up)
[SUMMARY] LATE-half (steps>250) worst loss-track = 2.156265e-07 at step 492
[SUMMARY] WARMUP-PEAK window [45..55] worst loss-track = 2.909428e-07 at step 52 (LR-schedule amplify test)
[RESULT] OP-23b TF32-DEFAULT D=1024 B=8 Nsteps=500 warmup=50  selfByteEqN=Y  relRMS_W_N=4.552e-05  lossTrackN=1.145e-07  worstLossTrack=1.904e-04@3  lateWorst=2.156e-07@492  peakWorst=2.909e-07@52
[idle-guard] GPU busy (util=24% mem=2MiB) — waiting 1/60...
=== run flame_traj_op23b  D=768 T=256 B=1 N=500 warmup=50 ===
[CFG] OP-23b TF32-DEFAULT  GPU=NVIDIA GeForce RTX 5070 cc=12.0  D=768 T=256 B=1 -> M=256 K=768 N=768 Nsteps=500 warmup=50
[CFG] LR SCHEDULE: linear warmup 50 steps (0->0.001) then cosine decay to 0.05*base over remaining 450
[CFG] lr samples: t=1:2.000000e-05  t=50(peak):1.000000e-03  t=125:9.363621e-04  t=250:6.074829e-04  t=500:5.000000e-05
[TRAJ] step      lr            lossTF32        lossFP64        |dLoss|/|lossFP64|   relRMS(W_TF32 vs W_FP64)   maxAbs(W_TF32-W_FP64)
[TRAJ]     1   2.000000e-05   1.68735213e-01   1.68731003e-01   2.495003e-05        3.010551e-05             3.982996e-05
[TRAJ]    11   2.200000e-04   3.80695720e-01   3.80696348e-01   1.648068e-06        1.936889e-03             2.628770e-03
[TRAJ]    21   4.200000e-04   4.05513855e-01   4.05515028e-01   2.893117e-06        5.429283e-03             9.200553e-03
[TRAJ]    31   6.200000e-04   4.07081478e-01   4.07082726e-01   3.066451e-06        7.510485e-03             1.975479e-02
[TRAJ]    41   8.200000e-04   4.07332808e-01   4.07334119e-01   3.219803e-06        8.239456e-03             3.429085e-02
[TRAJ]    50   1.000000e-03   4.07390859e-01   4.07392216e-01   3.329854e-06        8.475907e-03             5.077706e-02
[TRAJ]    51   9.999884e-04   4.07394184e-01   4.07395511e-01   3.258934e-06        8.491268e-03             5.276804e-02
[TRAJ]    61   9.986001e-04   4.07411593e-01   4.07412968e-01   3.374829e-06        8.583829e-03             7.266528e-02
[TRAJ]    71   9.949044e-04   4.07417341e-01   4.07418710e-01   3.360059e-06        8.624329e-03             9.250761e-02
[TRAJ]    81   9.889193e-04   4.07419490e-01   4.07420863e-01   3.370127e-06        8.645497e-03             1.122493e-01
[TRAJ]    91   9.806741e-04   4.07420288e-01   4.07421666e-01   3.382504e-06        8.657905e-03             1.318451e-01
[TRAJ]   101   9.702089e-04   4.07420483e-01   4.07421897e-01   3.471971e-06        8.665785e-03             1.512506e-01
[TRAJ]   111   9.575747e-04   4.07420476e-01   4.07421871e-01   3.426160e-06        8.671094e-03             1.704220e-01
[TRAJ]   121   9.428331e-04   4.07420309e-01   4.07421729e-01   3.485263e-06        8.674836e-03             1.893171e-01
[TRAJ]   131   9.260558e-04   4.07420129e-01   4.07421536e-01   3.452900e-06        8.677570e-03             2.078947e-01
[TRAJ]   141   9.073246e-04   4.07419961e-01   4.07421326e-01   3.349944e-06        8.679626e-03             2.261153e-01
[TRAJ]   151   8.867307e-04   4.07419640e-01   4.07421115e-01   3.621588e-06        8.681210e-03             2.439412e-01
[TRAJ]   161   8.643745e-04   4.07419459e-01   4.07420912e-01   3.566758e-06        8.682455e-03             2.613364e-01
[TRAJ]   171   8.403650e-04   4.07419259e-01   4.07420721e-01   3.589223e-06        8.683450e-03             2.782672e-01
[TRAJ]   181   8.148190e-04   4.07419098e-01   4.07420544e-01   3.548650e-06        8.684257e-03             2.947021e-01
[TRAJ]   191   7.878610e-04   4.07418969e-01   4.07420379e-01   3.461824e-06        8.684920e-03             3.106120e-01
[TRAJ]   201   7.596224e-04   4.07418782e-01   4.07420229e-01   3.551423e-06        8.685470e-03             3.259705e-01
[TRAJ]   211   7.302407e-04   4.07418682e-01   4.07420091e-01   3.458141e-06        8.685931e-03             3.407536e-01
[TRAJ]   221   6.998592e-04   4.07418592e-01   4.07419965e-01   3.368100e-06        8.686321e-03             3.549403e-01
[TRAJ]   231   6.686257e-04   4.07418448e-01   4.07419850e-01   3.439892e-06        8.686653e-03             3.685126e-01
[TRAJ]   241   6.366925e-04   4.07418326e-01   4.07419745e-01   3.481301e-06        8.686936e-03             3.814551e-01
[TRAJ]   251   6.042152e-04   4.07418235e-01   4.07419649e-01   3.471135e-06        8.687181e-03             3.937560e-01
[TRAJ]   261   5.713519e-04   4.07418170e-01   4.07419563e-01   3.417680e-06        8.687392e-03             4.054061e-01
[TRAJ]   271   5.382628e-04   4.07418107e-01   4.07419484e-01   3.378405e-06        8.687576e-03             4.163997e-01
[TRAJ]   281   5.051091e-04   4.07418048e-01   4.07419412e-01   3.349690e-06        8.687736e-03             4.267342e-01
[TRAJ]   291   4.720523e-04   4.07417985e-01   4.07419348e-01   3.345312e-06        8.687875e-03             4.364101e-01
[TRAJ]   301   4.392534e-04   4.07417894e-01   4.07419289e-01   3.424619e-06        8.687997e-03             4.454312e-01
[TRAJ]   311   4.068723e-04   4.07417859e-01   4.07419236e-01   3.380348e-06        8.688103e-03             4.538045e-01
[TRAJ]   321   3.750667e-04   4.07417797e-01   4.07419189e-01   3.417367e-06        8.688197e-03             4.615402e-01
[TRAJ]   331   3.439916e-04   4.07417748e-01   4.07419146e-01   3.431141e-06        8.688279e-03             4.686513e-01
[TRAJ]   341   3.137983e-04   4.07417710e-01   4.07419108e-01   3.430960e-06        8.688351e-03             4.751542e-01
[TRAJ]   351   2.846340e-04   4.07417700e-01   4.07419074e-01   3.371366e-06        8.688413e-03             4.810681e-01
[TRAJ]   361   2.566407e-04   4.07417650e-01   4.07419044e-01   3.420776e-06        8.688468e-03             4.864149e-01
[TRAJ]   371   2.299548e-04   4.07417627e-01   4.07419017e-01   3.412138e-06        8.688516e-03             4.912196e-01
[TRAJ]   381   2.047064e-04   4.07417625e-01   4.07418993e-01   3.357853e-06        8.688557e-03             4.955094e-01
[TRAJ]   391   1.810184e-04   4.07417610e-01   4.07418973e-01   3.344868e-06        8.688593e-03             4.993145e-01
[TRAJ]   401   1.590062e-04   4.07417582e-01   4.07418955e-01   3.369208e-06        8.688624e-03             5.026671e-01
[TRAJ]   411   1.387771e-04   4.07417576e-01   4.07418939e-01   3.346533e-06        8.688650e-03             5.056017e-01
[TRAJ]   421   1.204297e-04   4.07417553e-01   4.07418926e-01   3.370235e-06        8.688673e-03             5.081549e-01
[TRAJ]   431   1.040533e-04   4.07417524e-01   4.07418914e-01   3.411722e-06        8.688693e-03             5.103649e-01
[TRAJ]   441   8.972770e-05   4.07417504e-01   4.07418904e-01   3.435522e-06        8.688709e-03             5.122719e-01
[TRAJ]   451   7.752271e-05   4.07417500e-01   4.07418896e-01   3.425735e-06        8.688723e-03             5.139173e-01
[TRAJ]   461   6.749778e-05   4.07417482e-01   4.07418888e-01   3.450552e-06        8.688735e-03             5.153441e-01
[TRAJ]   471   5.970176e-05   4.07417469e-01   4.07418882e-01   3.468258e-06        8.688746e-03             5.165960e-01
[TRAJ]   481   5.417262e-05   4.07417470e-01   4.07418876e-01   3.451001e-06        8.688756e-03             5.177177e-01
[TRAJ]   491   5.093730e-05   4.07417468e-01   4.07418871e-01   3.443568e-06        8.688764e-03             5.187546e-01
[TRAJ]   500   5.000000e-05   4.07417482e-01   4.07418866e-01   3.398368e-06        8.688772e-03             5.196531e-01

[SUMMARY] OP-23b TF32-DEFAULT D=768 T=256 B=1 Nsteps=500 warmup=50
[SUMMARY] TF32 self-byte-eq over WHOLE 500-step trajectory (run1 vs run2): W max|delta|=0.000e+00  loss max|delta|=0.000e+00  (==0: YES)
[SUMMARY] step-N weight relRMS(TF32 vs FP64) = 8.688772e-03   max|dW| = 5.196531e-01
[SUMMARY] step-N loss-tracking  |dLoss|/|lossFP64| = 3.398368e-06
[SUMMARY] WORST loss-tracking gap over trajectory = 6.333996e-05 at step 5  (EARLY half — bounded, no late blow-up)
[SUMMARY] LATE-half (steps>250) worst loss-track = 3.517526e-06 at step 454
[SUMMARY] WARMUP-PEAK window [45..55] worst loss-track = 3.337732e-06 at step 48 (LR-schedule amplify test)
[RESULT] OP-23b TF32-DEFAULT D=768 B=1 Nsteps=500 warmup=50  selfByteEqN=Y  relRMS_W_N=8.689e-03  lossTrackN=3.398e-06  worstLossTrack=6.334e-05@5  lateWorst=3.518e-06@454  peakWorst=3.338e-06@48
[idle-guard] GPU busy (util=87% mem=358MiB) — waiting 1/60...
[idle-guard] GPU busy (util=62% mem=358MiB) — waiting 2/60...
[idle-guard] GPU busy (util=78% mem=358MiB) — waiting 3/60...
[idle-guard] GPU busy (util=100% mem=358MiB) — waiting 4/60...
=== run flame_traj_op23b_ped  D=1024 T=256 B=1 N=500 warmup=50 ===
[CFG] OP-23b TF32-PEDANTIC  GPU=NVIDIA GeForce RTX 5070 cc=12.0  D=1024 T=256 B=1 -> M=256 K=1024 N=1024 Nsteps=500 warmup=50
[CFG] LR SCHEDULE: linear warmup 50 steps (0->0.001) then cosine decay to 0.05*base over remaining 450
[CFG] lr samples: t=1:2.000000e-05  t=50(peak):1.000000e-03  t=125:9.363621e-04  t=250:6.074829e-04  t=500:5.000000e-05
[TRAJ] step      lr            lossTF32        lossFP64        |dLoss|/|lossFP64|   relRMS(W_TF32 vs W_FP64)   maxAbs(W_TF32-W_FP64)
[TRAJ]     1   2.000000e-05   5.80343000e-02   5.80376541e-02   5.779176e-05        3.370747e-05             3.980592e-05
[TRAJ]    11   2.200000e-04   3.89989904e-01   3.89990617e-01   1.829018e-06        2.168416e-03             2.627152e-03
[TRAJ]    21   4.200000e-04   4.06255152e-01   4.06256269e-01   2.750398e-06        6.077535e-03             9.194890e-03
[TRAJ]    31   6.200000e-04   4.07197187e-01   4.07198414e-01   3.012192e-06        8.407435e-03             1.974263e-02
[TRAJ]    41   8.200000e-04   4.07344247e-01   4.07345486e-01   3.041837e-06        9.224020e-03             3.426975e-02
[TRAJ]    50   1.000000e-03   4.07376951e-01   4.07378157e-01   2.961158e-06        9.489095e-03             5.074582e-02
[TRAJ]    51   9.999884e-04   4.07378742e-01   4.07379946e-01   2.955555e-06        9.506323e-03             5.273557e-02
[TRAJ]    61   9.986001e-04   4.07387766e-01   4.07389064e-01   3.185432e-06        9.610182e-03             7.262056e-02
[TRAJ]    71   9.949044e-04   4.07390418e-01   4.07391705e-01   3.157458e-06        9.655665e-03             9.245068e-02
[TRAJ]    81   9.889193e-04   4.07391133e-01   4.07392466e-01   3.272974e-06        9.679456e-03             1.121802e-01
[TRAJ]    91   9.806741e-04   4.07391334e-01   4.07392573e-01   3.041107e-06        9.693413e-03             1.317640e-01
[TRAJ]   101   9.702089e-04   4.07391138e-01   4.07392433e-01   3.179278e-06        9.702284e-03             1.511575e-01
[TRAJ]   111   9.575747e-04   4.07390908e-01   4.07392203e-01   3.178846e-06        9.708264e-03             1.703172e-01
[TRAJ]   121   9.428331e-04   4.07390656e-01   4.07391947e-01   3.170768e-06        9.712483e-03             1.892006e-01
[TRAJ]   131   9.260558e-04   4.07390427e-01   4.07391694e-01   3.109233e-06        9.715568e-03             2.077668e-01
[TRAJ]   141   9.073246e-04   4.07390161e-01   4.07391454e-01   3.174220e-06        9.717889e-03             2.259762e-01
[TRAJ]   151   8.867307e-04   4.07389931e-01   4.07391233e-01   3.196963e-06        9.719679e-03             2.437911e-01
[TRAJ]   161   8.643745e-04   4.07389763e-01   4.07391031e-01   3.112709e-06        9.721086e-03             2.611755e-01
[TRAJ]   171   8.403650e-04   4.07389553e-01   4.07390848e-01   3.178546e-06        9.722212e-03             2.780959e-01
[TRAJ]   181   8.148190e-04   4.07389402e-01   4.07390682e-01   3.140128e-06        9.723126e-03             2.945207e-01
[TRAJ]   191   7.878610e-04   4.07389234e-01   4.07390532e-01   3.185511e-06        9.723877e-03             3.104209e-01
[TRAJ]   201   7.596224e-04   4.07389115e-01   4.07390396e-01   3.145939e-06        9.724501e-03             3.257699e-01
[TRAJ]   211   7.302407e-04   4.07388975e-01   4.07390274e-01   3.187917e-06        9.725024e-03             3.405439e-01
[TRAJ]   221   6.998592e-04   4.07388865e-01   4.07390163e-01   3.185929e-06        9.725466e-03             3.547219e-01
[TRAJ]   231   6.686257e-04   4.07388768e-01   4.07390063e-01   3.179174e-06        9.725842e-03             3.682858e-01
[TRAJ]   241   6.366925e-04   4.07388704e-01   4.07389973e-01   3.114155e-06        9.726165e-03             3.812204e-01
[TRAJ]   251   6.042152e-04   4.07388608e-01   4.07389891e-01   3.148983e-06        9.726442e-03             3.935136e-01
[TRAJ]   261   5.713519e-04   4.07388555e-01   4.07389818e-01   3.099030e-06        9.726682e-03             4.051565e-01
[TRAJ]   271   5.382628e-04   4.07388487e-01   4.07389751e-01   3.103294e-06        9.726891e-03             4.161434e-01
[TRAJ]   281   5.051091e-04   4.07388419e-01   4.07389691e-01   3.122393e-06        9.727073e-03             4.264715e-01
[TRAJ]   291   4.720523e-04   4.07388369e-01   4.07389636e-01   3.110151e-06        9.727231e-03             4.361414e-01
[TRAJ]   301   4.392534e-04   4.07388305e-01   4.07389587e-01   3.146112e-06        9.727370e-03             4.451570e-01
[TRAJ]   311   4.068723e-04   4.07388259e-01   4.07389543e-01   3.151600e-06        9.727492e-03             4.535252e-01
[TRAJ]   321   3.750667e-04   4.07388226e-01   4.07389504e-01   3.135851e-06        9.727598e-03             4.612561e-01
[TRAJ]   331   3.439916e-04   4.07388214e-01   4.07389468e-01   3.078086e-06        9.727692e-03             4.683628e-01
[TRAJ]   341   3.137983e-04   4.07388182e-01   4.07389436e-01   3.078923e-06        9.727773e-03             4.748617e-01
[TRAJ]   351   2.846340e-04   4.07388154e-01   4.07389408e-01   3.078385e-06        9.727845e-03             4.807719e-01
[TRAJ]   361   2.566407e-04   4.07388135e-01   4.07389383e-01   3.063547e-06        9.727907e-03             4.861154e-01
[TRAJ]   371   2.299548e-04   4.07388115e-01   4.07389361e-01   3.058271e-06        9.727962e-03             4.909171e-01
[TRAJ]   381   2.047064e-04   4.07388060e-01   4.07389342e-01   3.145860e-06        9.728009e-03             4.952043e-01
[TRAJ]   391   1.810184e-04   4.07388073e-01   4.07389325e-01   3.072919e-06        9.728050e-03             4.990071e-01
[TRAJ]   401   1.590062e-04   4.07388039e-01   4.07389310e-01   3.120277e-06        9.728085e-03             5.023576e-01
[TRAJ]   411   1.387771e-04   4.07388029e-01   4.07389297e-01   3.112929e-06        9.728115e-03             5.052904e-01
[TRAJ]   421   1.204297e-04   4.07388038e-01   4.07389286e-01   3.062807e-06        9.728141e-03             5.078419e-01
[TRAJ]   431   1.040533e-04   4.07388038e-01   4.07389276e-01   3.040153e-06        9.728163e-03             5.100505e-01
[TRAJ]   441   8.972770e-05   4.07388027e-01   4.07389268e-01   3.047634e-06        9.728182e-03             5.119563e-01
[TRAJ]   451   7.752271e-05   4.07387969e-01   4.07389261e-01   3.170965e-06        9.728198e-03             5.136008e-01
[TRAJ]   461   6.749778e-05   4.07387996e-01   4.07389255e-01   3.090904e-06        9.728212e-03             5.150266e-01
[TRAJ]   471   5.970176e-05   4.07388005e-01   4.07389250e-01   3.055434e-06        9.728224e-03             5.162778e-01
[TRAJ]   481   5.417262e-05   4.07387972e-01   4.07389245e-01   3.126219e-06        9.728235e-03             5.173988e-01
[TRAJ]   491   5.093730e-05   4.07387984e-01   4.07389241e-01   3.084603e-06        9.728245e-03             5.184351e-01
[TRAJ]   500   5.000000e-05   4.07387946e-01   4.07389237e-01   3.170311e-06        9.728253e-03             5.193331e-01

[SUMMARY] OP-23b TF32-PEDANTIC D=1024 T=256 B=1 Nsteps=500 warmup=50
[SUMMARY] TF32 self-byte-eq over WHOLE 500-step trajectory (run1 vs run2): W max|delta|=0.000e+00  loss max|delta|=0.000e+00  (==0: YES)
[SUMMARY] step-N weight relRMS(TF32 vs FP64) = 9.728253e-03   max|dW| = 5.193331e-01
[SUMMARY] step-N loss-tracking  |dLoss|/|lossFP64| = 3.170311e-06
[SUMMARY] WORST loss-tracking gap over trajectory = 1.864257e-04 at step 3  (EARLY half — bounded, no late blow-up)
[SUMMARY] LATE-half (steps>250) worst loss-track = 3.240125e-06 at step 476
[SUMMARY] WARMUP-PEAK window [45..55] worst loss-track = 3.284125e-06 at step 52 (LR-schedule amplify test)
[RESULT] OP-23b TF32-PEDANTIC D=1024 B=1 Nsteps=500 warmup=50  selfByteEqN=Y  relRMS_W_N=9.728e-03  lossTrackN=3.170e-06  worstLossTrack=1.864e-04@3  lateWorst=3.240e-06@476  peakWorst=3.284e-06@52
=== OP-23b done ===
100 %, 358 MiB
