############ HEXA-0POD OP-25 DRIFT — BF16 vs FP64 N-step trajectory on RTX 5070 ############
T=256 Nsteps=50 arch=sm_120 D={768 1536} B={1}
==== nvcc ====
Cuda compilation tools, release 13.0, V13.0.88
Build cuda_13.0.r13.0/compiler.36424714_0
==== build DRIFT default + pedantic ====
build OK

================= DRIFT default  D=768  B=1  T=256  Nsteps=50 =================
[CFG] OP-25-DRIFT BF16-DEFAULT  GPU=NVIDIA GeForce RTX 5070 cc=12.0  D=768 T=256 B=1 -> M=256 K=768 N=768 Nsteps=50
[TRAJ] step   lossBF16         lossFP64         |dLoss|/|lossFP64|   relRMS(W_BF16 vs W_FP64)   maxAbs(W_BF16-W_FP64)
[TRAJ]     1   1.68731282e-01   1.68731003e-01   1.651312e-06        1.166688e-06             8.206421e-08
[TRAJ]     3   3.98938200e-01   3.98942125e-01   9.838210e-06        1.047250e-06             2.307735e-07
[TRAJ]     5   4.05368390e-01   4.05358088e-01   2.541269e-05        1.659742e-06             3.851242e-07
[TRAJ]     7   4.06541015e-01   4.06544855e-01   9.444686e-06        1.570093e-06             5.339412e-07
[TRAJ]     9   4.06972008e-01   4.06948344e-01   5.815165e-05        1.622237e-06             6.846759e-07
[TRAJ]    11   4.07123072e-01   4.07128820e-01   1.411835e-05        1.688066e-06             8.373292e-07
[TRAJ]    13   4.07239181e-01   4.07223331e-01   3.892312e-05        1.663400e-06             9.872452e-07
[TRAJ]    15   4.07288692e-01   4.07278169e-01   2.583811e-05        1.691529e-06             1.140013e-06
[TRAJ]    17   4.07335601e-01   4.07312360e-01   5.705994e-05        1.669829e-06             1.290044e-06
[TRAJ]    19   4.07341902e-01   4.07334840e-01   1.733829e-05        1.659347e-06             1.439204e-06
[TRAJ]    21   4.07351883e-01   4.07350230e-01   4.056301e-06        1.631209e-06             1.587492e-06
[TRAJ]    23   4.07368143e-01   4.07361108e-01   1.726788e-05        1.625424e-06             1.736772e-06
[TRAJ]    25   4.07356977e-01   4.07368994e-01   2.950090e-05        1.624982e-06             1.888907e-06
[TRAJ]    27   4.07347860e-01   4.07374830e-01   6.620326e-05        1.626196e-06             2.038311e-06
[TRAJ]    29   4.07372514e-01   4.07379221e-01   1.646300e-05        1.619236e-06             2.188709e-06
[TRAJ]    31   4.07385982e-01   4.07382571e-01   8.372678e-06        1.620850e-06             2.340103e-06
[TRAJ]    33   4.07379368e-01   4.07385154e-01   1.420392e-05        1.617257e-06             2.492492e-06
[TRAJ]    35   4.07372830e-01   4.07387165e-01   3.518707e-05        1.617103e-06             2.642153e-06
[TRAJ]    37   4.07414219e-01   4.07388740e-01   6.254323e-05        1.614217e-06             2.792811e-06
[TRAJ]    39   4.07384220e-01   4.07389980e-01   1.413755e-05        1.617248e-06             2.944468e-06
[TRAJ]    41   4.07392672e-01   4.07390960e-01   4.204607e-06        1.614297e-06             3.094880e-06
[TRAJ]    43   4.07377642e-01   4.07391734e-01   3.459100e-05        1.614531e-06             3.247617e-06
[TRAJ]    45   4.07401072e-01   4.07392347e-01   2.141550e-05        1.614984e-06             3.399323e-06
[TRAJ]    47   4.07398511e-01   4.07392830e-01   1.394375e-05        1.617004e-06             3.552026e-06
[TRAJ]    49   4.07384315e-01   4.07393209e-01   2.182970e-05        1.616623e-06             3.705725e-06
[TRAJ]    50   4.07383031e-01   4.07393365e-01   2.536572e-05        1.615693e-06             3.780621e-06

[SUMMARY] OP-25-DRIFT BF16-DEFAULT D=768 T=256 B=1 Nsteps=50
[SUMMARY] BF16 self-byte-eq over WHOLE trajectory (run1 vs run2): W max|delta|=0.000e+00  loss max|delta|=0.000e+00  (==0: YES)
[SUMMARY] step-N weight relRMS(BF16 vs FP64) = 1.615693e-06   max|dW| = 3.780621e-06
[SUMMARY] step-N loss-tracking  |dLoss|/|lossFP64| = 2.536572e-05
[SUMMARY] WORST loss-tracking gap over trajectory = 9.398209e-05 at step 14
[RESULT] OP-25-DRIFT BF16-DEFAULT D=768 B=1 Nsteps=50  selfByteEqN=Y  relRMS_W_N=1.616e-06  lossTrackN=2.537e-05  worstLossTrack=9.398e-05

================= DRIFT default  D=1536  B=1  T=256  Nsteps=50 =================
  [wait_gpu] util=75% mem=2MiB busy — sleep 30s (try 1/8)
[CFG] OP-25-DRIFT BF16-DEFAULT  GPU=NVIDIA GeForce RTX 5070 cc=12.0  D=1536 T=256 B=1 -> M=256 K=1536 N=1536 Nsteps=50
[TRAJ] step   lossBF16         lossFP64         |dLoss|/|lossFP64|   relRMS(W_BF16 vs W_FP64)   maxAbs(W_BF16-W_FP64)
[TRAJ]     1   1.51480065e-01   1.51503875e-01   1.571584e-04        1.218737e-06             1.523428e-07
[TRAJ]     3   4.05148495e-01   4.05180796e-01   7.971969e-05        1.393842e-06             4.423568e-07
[TRAJ]     5   4.06940151e-01   4.06927447e-01   3.121888e-05        2.115680e-06             7.391709e-07
[TRAJ]     7   4.07246029e-01   4.07227239e-01   4.614157e-05        2.195439e-06             1.030060e-06
[TRAJ]     9   4.07307022e-01   4.07323914e-01   4.147034e-05        2.329016e-06             1.322935e-06
[TRAJ]    11   4.07405836e-01   4.07364870e-01   1.005622e-04        2.436823e-06             1.616405e-06
[TRAJ]    13   4.07390396e-01   4.07385068e-01   1.307915e-05        2.458817e-06             1.908065e-06
[TRAJ]    15   4.07403057e-01   4.07396013e-01   1.728929e-05        2.505705e-06             2.201173e-06
[TRAJ]    17   4.07392155e-01   4.07402318e-01   2.494499e-05        2.509162e-06             2.492471e-06
[TRAJ]    19   4.07372523e-01   4.07406093e-01   8.239972e-05        2.515351e-06             2.784755e-06
[TRAJ]    21   4.07396396e-01   4.07408403e-01   2.947130e-05        2.505856e-06             3.076161e-06
[TRAJ]    23   4.07400813e-01   4.07409822e-01   2.211356e-05        2.509561e-06             3.368554e-06
[TRAJ]    25   4.07402492e-01   4.07410682e-01   2.010238e-05        2.515153e-06             3.660072e-06
[TRAJ]    27   4.07450120e-01   4.07411180e-01   9.557913e-05        2.520840e-06             3.952578e-06
[TRAJ]    29   4.07415058e-01   4.07411440e-01   8.881847e-06        2.519822e-06             4.244211e-06
[TRAJ]    31   4.07430032e-01   4.07411540e-01   4.539061e-05        2.524175e-06             4.536833e-06
[TRAJ]    33   4.07417805e-01   4.07411532e-01   1.539719e-05        2.524478e-06             4.828583e-06
[TRAJ]    35   4.07384276e-01   4.07411451e-01   6.670366e-05        2.526689e-06             5.121324e-06
[TRAJ]    37   4.07439742e-01   4.07411322e-01   6.975970e-05        2.526740e-06             5.413195e-06
[TRAJ]    39   4.07418268e-01   4.07411159e-01   1.744899e-05        2.530429e-06             5.706059e-06
[TRAJ]    41   4.07391916e-01   4.07410975e-01   4.678134e-05        2.529786e-06             5.999916e-06
[TRAJ]    43   4.07392516e-01   4.07410779e-01   4.482681e-05        2.531275e-06             6.291043e-06
[TRAJ]    45   4.07366458e-01   4.07410575e-01   1.082861e-04        2.532663e-06             6.583165e-06
[TRAJ]    47   4.07405142e-01   4.07410368e-01   1.282701e-05        2.535048e-06             6.876284e-06
[TRAJ]    49   4.07414650e-01   4.07410160e-01   1.101920e-05        2.535689e-06             7.166674e-06
[TRAJ]    50   4.07421869e-01   4.07410057e-01   2.899297e-05        2.535479e-06             7.313640e-06

[SUMMARY] OP-25-DRIFT BF16-DEFAULT D=1536 T=256 B=1 Nsteps=50
[SUMMARY] BF16 self-byte-eq over WHOLE trajectory (run1 vs run2): W max|delta|=0.000e+00  loss max|delta|=0.000e+00  (==0: YES)
[SUMMARY] step-N weight relRMS(BF16 vs FP64) = 2.535479e-06   max|dW| = 7.313640e-06
[SUMMARY] step-N loss-tracking  |dLoss|/|lossFP64| = 2.899297e-05
[SUMMARY] WORST loss-tracking gap over trajectory = 1.704913e-04 at step 10
[RESULT] OP-25-DRIFT BF16-DEFAULT D=1536 B=1 Nsteps=50  selfByteEqN=Y  relRMS_W_N=2.535e-06  lossTrackN=2.899e-05  worstLossTrack=1.705e-04

================= DRIFT pedantic  D=768  B=1  T=256  Nsteps=50 =================
  [wait_gpu] util=52% mem=2MiB busy — sleep 30s (try 1/8)
[CFG] OP-25-DRIFT BF16-PEDANTIC  GPU=NVIDIA GeForce RTX 5070 cc=12.0  D=768 T=256 B=1 -> M=256 K=768 N=768 Nsteps=50
[TRAJ] step   lossBF16         lossFP64         |dLoss|/|lossFP64|   relRMS(W_BF16 vs W_FP64)   maxAbs(W_BF16-W_FP64)
[TRAJ]     1   1.68731282e-01   1.68731003e-01   1.651312e-06        1.166688e-06             8.206421e-08
[TRAJ]     3   3.98938200e-01   3.98942125e-01   9.838210e-06        1.047250e-06             2.307735e-07
[TRAJ]     5   4.05368390e-01   4.05358088e-01   2.541269e-05        1.659742e-06             3.851242e-07
[TRAJ]     7   4.06541015e-01   4.06544855e-01   9.444686e-06        1.570093e-06             5.339412e-07
[TRAJ]     9   4.06972008e-01   4.06948344e-01   5.815165e-05        1.622237e-06             6.846759e-07
[TRAJ]    11   4.07123072e-01   4.07128820e-01   1.411835e-05        1.688066e-06             8.373292e-07
[TRAJ]    13   4.07239181e-01   4.07223331e-01   3.892312e-05        1.663400e-06             9.872452e-07
[TRAJ]    15   4.07288692e-01   4.07278169e-01   2.583811e-05        1.691529e-06             1.140013e-06
[TRAJ]    17   4.07335601e-01   4.07312360e-01   5.705994e-05        1.669829e-06             1.290044e-06
[TRAJ]    19   4.07341902e-01   4.07334840e-01   1.733829e-05        1.659347e-06             1.439204e-06
[TRAJ]    21   4.07351883e-01   4.07350230e-01   4.056301e-06        1.631209e-06             1.587492e-06
[TRAJ]    23   4.07368143e-01   4.07361108e-01   1.726788e-05        1.625424e-06             1.736772e-06
[TRAJ]    25   4.07356977e-01   4.07368994e-01   2.950090e-05        1.624982e-06             1.888907e-06
[TRAJ]    27   4.07347860e-01   4.07374830e-01   6.620326e-05        1.626196e-06             2.038311e-06
[TRAJ]    29   4.07372514e-01   4.07379221e-01   1.646300e-05        1.619236e-06             2.188709e-06
[TRAJ]    31   4.07385982e-01   4.07382571e-01   8.372678e-06        1.620850e-06             2.340103e-06
[TRAJ]    33   4.07379368e-01   4.07385154e-01   1.420392e-05        1.617257e-06             2.492492e-06
[TRAJ]    35   4.07372830e-01   4.07387165e-01   3.518707e-05        1.617103e-06             2.642153e-06
[TRAJ]    37   4.07414219e-01   4.07388740e-01   6.254323e-05        1.614217e-06             2.792811e-06
[TRAJ]    39   4.07384220e-01   4.07389980e-01   1.413755e-05        1.617248e-06             2.944468e-06
[TRAJ]    41   4.07392672e-01   4.07390960e-01   4.204607e-06        1.614297e-06             3.094880e-06
[TRAJ]    43   4.07377642e-01   4.07391734e-01   3.459100e-05        1.614531e-06             3.247617e-06
[TRAJ]    45   4.07401072e-01   4.07392347e-01   2.141550e-05        1.614984e-06             3.399323e-06
[TRAJ]    47   4.07398511e-01   4.07392830e-01   1.394375e-05        1.617004e-06             3.552026e-06
[TRAJ]    49   4.07384315e-01   4.07393209e-01   2.182970e-05        1.616623e-06             3.705725e-06
[TRAJ]    50   4.07383031e-01   4.07393365e-01   2.536572e-05        1.615693e-06             3.780621e-06

[SUMMARY] OP-25-DRIFT BF16-PEDANTIC D=768 T=256 B=1 Nsteps=50
[SUMMARY] BF16 self-byte-eq over WHOLE trajectory (run1 vs run2): W max|delta|=0.000e+00  loss max|delta|=0.000e+00  (==0: YES)
[SUMMARY] step-N weight relRMS(BF16 vs FP64) = 1.615693e-06   max|dW| = 3.780621e-06
[SUMMARY] step-N loss-tracking  |dLoss|/|lossFP64| = 2.536572e-05
[SUMMARY] WORST loss-tracking gap over trajectory = 9.398209e-05 at step 14
[RESULT] OP-25-DRIFT BF16-PEDANTIC D=768 B=1 Nsteps=50  selfByteEqN=Y  relRMS_W_N=1.616e-06  lossTrackN=2.537e-05  worstLossTrack=9.398e-05

================= DRIFT pedantic  D=1536  B=1  T=256  Nsteps=50 =================
  [wait_gpu] util=59% mem=2MiB busy — sleep 30s (try 1/8)
[CFG] OP-25-DRIFT BF16-PEDANTIC  GPU=NVIDIA GeForce RTX 5070 cc=12.0  D=1536 T=256 B=1 -> M=256 K=1536 N=1536 Nsteps=50
[TRAJ] step   lossBF16         lossFP64         |dLoss|/|lossFP64|   relRMS(W_BF16 vs W_FP64)   maxAbs(W_BF16-W_FP64)
[TRAJ]     1   1.51480065e-01   1.51503875e-01   1.571584e-04        1.218737e-06             1.523428e-07
[TRAJ]     3   4.05148495e-01   4.05180796e-01   7.971969e-05        1.393842e-06             4.423568e-07
[TRAJ]     5   4.06940151e-01   4.06927447e-01   3.121888e-05        2.115680e-06             7.391709e-07
[TRAJ]     7   4.07246029e-01   4.07227239e-01   4.614157e-05        2.195439e-06             1.030060e-06
[TRAJ]     9   4.07307022e-01   4.07323914e-01   4.147034e-05        2.329016e-06             1.322935e-06
[TRAJ]    11   4.07405836e-01   4.07364870e-01   1.005622e-04        2.436823e-06             1.616405e-06
[TRAJ]    13   4.07390396e-01   4.07385068e-01   1.307915e-05        2.458817e-06             1.908065e-06
[TRAJ]    15   4.07403057e-01   4.07396013e-01   1.728929e-05        2.505705e-06             2.201173e-06
[TRAJ]    17   4.07392155e-01   4.07402318e-01   2.494499e-05        2.509162e-06             2.492471e-06
[TRAJ]    19   4.07372523e-01   4.07406093e-01   8.239972e-05        2.515351e-06             2.784755e-06
[TRAJ]    21   4.07396396e-01   4.07408403e-01   2.947130e-05        2.505856e-06             3.076161e-06
[TRAJ]    23   4.07400813e-01   4.07409822e-01   2.211356e-05        2.509561e-06             3.368554e-06
[TRAJ]    25   4.07402492e-01   4.07410682e-01   2.010238e-05        2.515153e-06             3.660072e-06
[TRAJ]    27   4.07450120e-01   4.07411180e-01   9.557913e-05        2.520840e-06             3.952578e-06
[TRAJ]    29   4.07415058e-01   4.07411440e-01   8.881847e-06        2.519822e-06             4.244211e-06
[TRAJ]    31   4.07430032e-01   4.07411540e-01   4.539061e-05        2.524175e-06             4.536833e-06
[TRAJ]    33   4.07417805e-01   4.07411532e-01   1.539719e-05        2.524478e-06             4.828583e-06
[TRAJ]    35   4.07384276e-01   4.07411451e-01   6.670366e-05        2.526689e-06             5.121324e-06
[TRAJ]    37   4.07439742e-01   4.07411322e-01   6.975970e-05        2.526740e-06             5.413195e-06
[TRAJ]    39   4.07418268e-01   4.07411159e-01   1.744899e-05        2.530429e-06             5.706059e-06
[TRAJ]    41   4.07391916e-01   4.07410975e-01   4.678134e-05        2.529786e-06             5.999916e-06
[TRAJ]    43   4.07392516e-01   4.07410779e-01   4.482681e-05        2.531275e-06             6.291043e-06
[TRAJ]    45   4.07366458e-01   4.07410575e-01   1.082861e-04        2.532663e-06             6.583165e-06
[TRAJ]    47   4.07405142e-01   4.07410368e-01   1.282701e-05        2.535048e-06             6.876284e-06
[TRAJ]    49   4.07414650e-01   4.07410160e-01   1.101920e-05        2.535689e-06             7.166674e-06
[TRAJ]    50   4.07421869e-01   4.07410057e-01   2.899297e-05        2.535479e-06             7.313640e-06

[SUMMARY] OP-25-DRIFT BF16-PEDANTIC D=1536 T=256 B=1 Nsteps=50
[SUMMARY] BF16 self-byte-eq over WHOLE trajectory (run1 vs run2): W max|delta|=0.000e+00  loss max|delta|=0.000e+00  (==0: YES)
[SUMMARY] step-N weight relRMS(BF16 vs FP64) = 2.535479e-06   max|dW| = 7.313640e-06
[SUMMARY] step-N loss-tracking  |dLoss|/|lossFP64| = 2.899297e-05
[SUMMARY] WORST loss-tracking gap over trajectory = 1.704913e-04 at step 10
[RESULT] OP-25-DRIFT BF16-PEDANTIC D=1536 B=1 Nsteps=50  selfByteEqN=Y  relRMS_W_N=2.535e-06  lossTrackN=2.899e-05  worstLossTrack=1.705e-04

############ OP-25 DRIFT DONE — raw at /tmp/op25_drift_5070_raw.log ############
==== RESULT lines ====
[RESULT] OP-25-DRIFT BF16-DEFAULT D=768 B=1 Nsteps=50  selfByteEqN=Y  relRMS_W_N=1.616e-06  lossTrackN=2.537e-05  worstLossTrack=9.398e-05
[RESULT] OP-25-DRIFT BF16-DEFAULT D=1536 B=1 Nsteps=50  selfByteEqN=Y  relRMS_W_N=2.535e-06  lossTrackN=2.899e-05  worstLossTrack=1.705e-04
[RESULT] OP-25-DRIFT BF16-PEDANTIC D=768 B=1 Nsteps=50  selfByteEqN=Y  relRMS_W_N=1.616e-06  lossTrackN=2.537e-05  worstLossTrack=9.398e-05
[RESULT] OP-25-DRIFT BF16-PEDANTIC D=1536 B=1 Nsteps=50  selfByteEqN=Y  relRMS_W_N=2.535e-06  lossTrackN=2.899e-05  worstLossTrack=1.705e-04
